../Core/Src/main.c:133:6:SetupMPU	8	static
../Core/Src/main.c:142:6:SetupNRF24	152	static
../Core/Src/main.c:161:6:ProcessNRF24Data	72	static
../Core/Src/main.c:183:6:ProcessCANMessage	16	static
../Core/Src/main.c:227:6:SendCANMessage	24	static
../Core/Src/main.c:247:6:SetupPWM	8	static
../Core/Src/main.c:262:6:SetMotorSpeed	16	static
../Core/Src/main.c:269:6:BrakeMotor	8	static
../Core/Src/main.c:280:6:Turning_SetAngle	24	static
../Core/Src/main.c:289:6:RutaHardCoding	40	static
../Core/Src/main.c:337:6:NRFMotorCAN	24	static
../Core/Src/main.c:379:6:NRFMotorEncoderCAN	64	static
../Core/Src/main.c:437:6:MotorEncoderCAN	48	static
../Core/Src/main.c:494:5:main	48	static
../Core/Src/main.c:581:6:SystemClock_Config	120	static
../Core/Src/main.c:646:13:MX_FDCAN1_Init	16	static
../Core/Src/main.c:739:13:MX_I2C4_Init	8	static
../Core/Src/main.c:787:13:MX_SPI5_Init	8	static
../Core/Src/main.c:835:13:MX_TIM13_Init	40	static
../Core/Src/main.c:881:13:MX_TIM14_Init	40	static
../Core/Src/main.c:927:13:MX_USART3_UART_Init	8	static
../Core/Src/main.c:975:13:MX_GPIO_Init	56	static
../Core/Src/main.c:1023:6:Error_Handler	4	static,ignoring_inline_asm
